\BOOKMARK [1][-]{section.1}{\376\377\000I\000n\000t\000r\000o\000d\000u\000c\000c\000i\000\363\000n}{}% 1
\BOOKMARK [1][-]{section.2}{\376\377\000M\000a\000r\000c\000o\000\040\000t\000e\000\363\000r\000i\000c\000o}{}% 2
\BOOKMARK [2][-]{subsection.2.1}{\376\377\000E\000x\000c\000i\000t\000a\000c\000i\000\363\000n}{section.2}% 3
\BOOKMARK [3][-]{subsubsection.2.1.1}{\376\377\000E\000s\000p\000e\000c\000t\000r\000o\000s\000\040\000d\000e\000\040\000e\000m\000i\000s\000i\000\363\000n}{subsection.2.1}% 4
\BOOKMARK [2][-]{subsection.2.2}{\376\377\000L\000e\000y\000\040\000d\000e\000\040\000P\000l\000a\000n\000c\000k}{section.2}% 5
\BOOKMARK [2][-]{subsection.2.3}{\376\377\000L\000e\000y\000\040\000d\000e\000\040\000W\000e\000i\000n}{section.2}% 6
\BOOKMARK [2][-]{subsection.2.4}{\376\377\000L\000\341\000m\000p\000a\000r\000a\000\040\000F\000l\000u\000o\000r\000e\000s\000c\000e\000n\000t\000e}{section.2}% 7
\BOOKMARK [2][-]{subsection.2.5}{\376\377\000D\000i\000o\000d\000o\000s\000\040\000E\000m\000i\000s\000o\000r\000e\000s\000\040\000d\000e\000\040\000L\000u\000z\000\040\000\050\000L\000E\000D\000s\000\051}{section.2}% 8
\BOOKMARK [2][-]{subsection.2.6}{\376\377\000P\000a\000n\000t\000a\000l\000l\000a\000\040\000d\000e\000\040\000c\000r\000i\000s\000t\000a\000l\000\040\000l\000\355\000q\000u\000i\000d\000o\000\040\000\050\000L\000C\000D\000\051}{section.2}% 9
\BOOKMARK [3][-]{subsubsection.2.6.1}{\376\377\000C\000r\000i\000s\000t\000a\000l\000\040\000l\000\355\000q\000u\000i\000d\000o}{subsection.2.6}% 10
\BOOKMARK [3][-]{subsubsection.2.6.2}{\376\377\000L\000e\000n\000t\000e\000s\000\040\000P\000o\000l\000a\000r\000i\000z\000a\000d\000o\000r\000e\000s}{subsection.2.6}% 11
\BOOKMARK [3][-]{subsubsection.2.6.3}{\376\377\000M\000o\000d\000o\000s\000\040\000d\000e\000\040\000t\000r\000a\000n\000s\000m\000i\000s\000i\000\363\000n\000\040\000d\000e\000\040\000L\000u\000z}{subsection.2.6}% 12
\BOOKMARK [3][-]{subsubsection.2.6.4}{\376\377\000M\000a\000t\000r\000i\000z\000\040\000A\000c\000t\000i\000v\000a}{subsection.2.6}% 13
\BOOKMARK [2][-]{subsection.2.7}{\376\377\000P\000a\000n\000t\000a\000l\000l\000a\000s\000\040\000d\000e\000\040\000d\000i\000o\000d\000o\000s\000\040\000o\000r\000g\000\341\000n\000i\000c\000o\000s\000\040\000e\000m\000i\000s\000o\000r\000e\000s\000\040\000d\000e\000\040\000l\000u\000z\000\040\000\050\000O\000L\000E\000D\000s\000\051}{section.2}% 14
\BOOKMARK [3][-]{subsubsection.2.7.1}{\376\377\000P\000a\000n\000t\000a\000l\000l\000a\000s\000\040\000d\000e\000\040\000m\000a\000t\000r\000i\000z\000\040\000a\000c\000t\000i\000v\000a\000\040\000\050\000A\000M\000O\000L\000E\000D\000\051}{subsection.2.7}% 15
\BOOKMARK [2][-]{subsection.2.8}{\376\377\000C\000a\000l\000i\000b\000r\000a\000c\000i\000\363\000n\000\040\000d\000e\000l\000\040\000e\000s\000p\000e\000c\000t\000r\000\363\000m\000e\000t\000r\000o}{section.2}% 16
\BOOKMARK [2][-]{subsection.2.9}{\376\377\000B\000o\000n\000d\000a\000d\000\040\000d\000e\000\040\000a\000j\000u\000s\000t\000e\000\040\000y\000\040\000t\000e\000s\000t\000\040\000d\000e\000\040\000h\000i\000p\000\363\000t\000e\000s\000i\000s}{section.2}% 17
\BOOKMARK [2][-]{subsection.2.10}{\376\377\000M\000a\000t\000r\000i\000z\000\040\000d\000e\000\040\000C\000o\000v\000a\000r\000i\000a\000n\000z\000a}{section.2}% 18
\BOOKMARK [2][-]{subsection.2.11}{\376\377\000I\000n\000c\000e\000r\000t\000i\000d\000u\000m\000b\000r\000e\000s\000\040\000p\000e\000q\000u\000e\000\361\000a\000s}{section.2}% 19
\BOOKMARK [2][-]{subsection.2.12}{\376\377\000D\000i\000s\000t\000r\000i\000b\000u\000c\000i\000\363\000n\000\040\000c\000h\000i\000-\000c\000u\000a\000d\000r\000a\000d\000o}{section.2}% 20
\BOOKMARK [2][-]{subsection.2.13}{\376\377\000G\000r\000a\000d\000o\000s\000\040\000d\000e\000\040\000l\000i\000b\000e\000r\000t\000a\000d\000\040\000y\000\040\000v\000a\000l\000o\000r\000\040\000c\000r\000\355\000t\000i\000c\000o}{section.2}% 21
\BOOKMARK [2][-]{subsection.2.14}{\376\377\000E\000r\000r\000o\000r\000\040\000p\000o\000r\000c\000e\000n\000t\000u\000a\000l\000\040\000\045}{section.2}% 22
\BOOKMARK [1][-]{section.3}{\376\377\000M\000e\000t\000o\000d\000o\000l\000o\000g\000\355\000a}{}% 23
\BOOKMARK [2][-]{subsection.3.1}{\376\377\000M\000o\000n\000t\000a\000j\000e}{section.3}% 24
\BOOKMARK [2][-]{subsection.3.2}{\376\377\000E\000t\000a\000p\000a\000\040\0001}{section.3}% 25
\BOOKMARK [2][-]{subsection.3.3}{\376\377\000E\000t\000a\000p\000a\000\040\0002}{section.3}% 26
\BOOKMARK [1][-]{section.4}{\376\377\000R\000e\000s\000u\000l\000t\000a\000d\000o\000s}{}% 27
\BOOKMARK [2][-]{subsection.4.1}{\376\377\000A\000j\000u\000s\000t\000e\000\040\000d\000e\000\040\000l\000a\000\040\000l\000e\000y\000\040\000d\000e\000\040\000p\000l\000a\000n\000c\000k}{section.4}% 28
\BOOKMARK [2][-]{subsection.4.2}{\376\377\000A\000p\000l\000i\000c\000a\000c\000i\000\363\000n\000\040\000d\000e\000l\000\040\000t\000e\000s\000t\000\040\000d\000e\000\040\0002}{section.4}% 29
\BOOKMARK [2][-]{subsection.4.3}{\376\377\000R\000e\000s\000u\000l\000t\000a\000d\000o\000s\000\040\000d\000e\000\040\000l\000a\000\040\000l\000e\000y\000\040\000d\000e\000\040\000W\000e\000i\000n}{section.4}% 30
\BOOKMARK [2][-]{subsection.4.4}{\376\377\000E\000s\000p\000e\000c\000t\000r\000o\000s\000\040\000d\000e\000\040\000e\000m\000i\000s\000i\000\363\000n\000\040\000d\000e\000\040\000d\000i\000s\000t\000i\000n\000t\000a\000s\000\040\000l\000\341\000m\000p\000a\000r\000a\000s}{section.4}% 31
\BOOKMARK [1][-]{section.5}{\376\377\000C\000o\000n\000c\000l\000u\000s\000i\000o\000n\000e\000s}{}% 32
\BOOKMARK [1][-]{appendix.Alph1}{\376\377\000V\000a\000l\000o\000r\000e\000s\000\040\000C\000r\000\355\000t\000i\000c\000o\000s\000\040\000d\000e\000\040\0002}{}% 33
\BOOKMARK [1][-]{appendix.Alph2}{\376\377\000M\000a\000t\000e\000r\000i\000a\000l\000\040\000C\000o\000m\000p\000l\000e\000m\000e\000n\000t\000a\000r\000i\000o}{}% 34
